// Jest Snapshot v1, https://goo.gl/fbAQLP

exports[`Sanity integration test with jest assertions 1`] = `
Object {
  "metadata": Object {
    "branchInfo": "noise_removed:branchInfo",
    "endedTimestamp": 30,
    "fileName": "noise_removed/packages/root-cause-core/lib/assortedHooks.ts",
    "hasNetworkLogs": true,
    "systemInfo": Object {
      "automationFramework": "puppeteer",
      "browser": "chromium",
      "browserPlatform": "noise_removed:browserPlatform",
      "browserVersion": "HeadlessChrome/85.0.4182.0",
      "modelName": "noise_removed:modelName",
      "modelVersion": "noise_removed:modelVersion",
      "pageViewport": Object {
        "height": 600,
        "width": 800,
      },
      "userAgent": "noise_removed:userAgent",
    },
    "testEndStatus": Object {
      "error": Object {
        "message": "mocked error test failed",
        "name": "",
        "stack": "",
      },
      "success": false,
    },
    "testFullName": "Sanity integration test with jest assertions",
    "testName": "with jest assertions",
    "timestamp": 2,
  },
  "steps": Array [
    Object {
      "codeError": Object {
        "column": 5,
        "errorLines": Array [
          "",
          "    const unhookExpect = makeHookExpect(attachController);",
          "",
          "    await playedPage.goto('http://jsbin.testim.io/ner/1');",
          "    await playedPage.click('#test');",
          "",
          "    await playedPage.click('#test');",
        ],
        "fromRowNumber": 77,
        "row": 80,
        "toRowNumber": 83,
      },
      "consoleEntries": Array [],
      "endTimestamp": 4,
      "fnName": "goto",
      "index": 1,
      "name": "goto \\"http://jsbin.testim.io/ner/1\\"",
      "screenshot": "1.page-goto.jpg",
      "startTimestamp": 3,
      "text": "http://jsbin.testim.io/ner/1",
      "unhandledExceptions": Array [],
    },
    Object {
      "codeError": Object {
        "column": 5,
        "errorLines": Array [
          "    const unhookExpect = makeHookExpect(attachController);",
          "",
          "    await playedPage.goto('http://jsbin.testim.io/ner/1');",
          "    await playedPage.click('#test');",
          "",
          "    await playedPage.click('#test');",
          "    await playedPage.click('#test');",
        ],
        "fromRowNumber": 78,
        "row": 81,
        "toRowNumber": 84,
      },
      "consoleEntries": Array [],
      "endTimestamp": 6,
      "fnName": "click",
      "index": 2,
      "name": "click \\"#test\\"",
      "rect": Object {
        "bottom": "possible noise removed",
        "devicePixelRatio": "possible noise removed",
        "height": "possible noise removed",
        "left": "possible noise removed",
        "right": "possible noise removed",
        "screenHeight": "possible noise removed",
        "screenWidth": "possible noise removed",
        "top": "possible noise removed",
        "width": "possible noise removed",
        "x": "possible noise removed",
        "y": "possible noise removed",
      },
      "screenshot": "2.page-click.jpg",
      "selector": "#test",
      "startTimestamp": 5,
      "unhandledExceptions": Array [],
    },
    Object {
      "codeError": Object {
        "column": 5,
        "errorLines": Array [
          "    await playedPage.goto('http://jsbin.testim.io/ner/1');",
          "    await playedPage.click('#test');",
          "",
          "    await playedPage.click('#test');",
          "    await playedPage.click('#test');",
          "",
          "    await playedPage.click('#test');",
        ],
        "fromRowNumber": 80,
        "row": 83,
        "toRowNumber": 86,
      },
      "consoleEntries": Array [],
      "endTimestamp": 8,
      "fnName": "click",
      "index": 3,
      "name": "click \\"#test\\"",
      "rect": Object {
        "bottom": "possible noise removed",
        "devicePixelRatio": "possible noise removed",
        "height": "possible noise removed",
        "left": "possible noise removed",
        "right": "possible noise removed",
        "screenHeight": "possible noise removed",
        "screenWidth": "possible noise removed",
        "top": "possible noise removed",
        "width": "possible noise removed",
        "x": "possible noise removed",
        "y": "possible noise removed",
      },
      "screenshot": "3.page-click.jpg",
      "selector": "#test",
      "startTimestamp": 7,
      "unhandledExceptions": Array [],
    },
    Object {
      "codeError": Object {
        "column": 5,
        "errorLines": Array [
          "    await playedPage.click('#test');",
          "",
          "    await playedPage.click('#test');",
          "    await playedPage.click('#test');",
          "",
          "    await playedPage.click('#test');",
          "    const counterEl = await playedPage.$('#counter');",
        ],
        "fromRowNumber": 81,
        "row": 84,
        "toRowNumber": 87,
      },
      "consoleEntries": Array [],
      "endTimestamp": 10,
      "fnName": "click",
      "index": 4,
      "name": "click \\"#test\\"",
      "rect": Object {
        "bottom": "possible noise removed",
        "devicePixelRatio": "possible noise removed",
        "height": "possible noise removed",
        "left": "possible noise removed",
        "right": "possible noise removed",
        "screenHeight": "possible noise removed",
        "screenWidth": "possible noise removed",
        "top": "possible noise removed",
        "width": "possible noise removed",
        "x": "possible noise removed",
        "y": "possible noise removed",
      },
      "screenshot": "4.page-click.jpg",
      "selector": "#test",
      "startTimestamp": 9,
      "unhandledExceptions": Array [],
    },
    Object {
      "codeError": Object {
        "column": 5,
        "errorLines": Array [
          "    await playedPage.click('#test');",
          "    await playedPage.click('#test');",
          "",
          "    await playedPage.click('#test');",
          "    const counterEl = await playedPage.$('#counter');",
          "",
          "    expect(counterEl).not.toBe(null);",
        ],
        "fromRowNumber": 83,
        "row": 86,
        "toRowNumber": 89,
      },
      "consoleEntries": Array [],
      "endTimestamp": 12,
      "fnName": "click",
      "index": 5,
      "name": "click \\"#test\\"",
      "rect": Object {
        "bottom": "possible noise removed",
        "devicePixelRatio": "possible noise removed",
        "height": "possible noise removed",
        "left": "possible noise removed",
        "right": "possible noise removed",
        "screenHeight": "possible noise removed",
        "screenWidth": "possible noise removed",
        "top": "possible noise removed",
        "width": "possible noise removed",
        "x": "possible noise removed",
        "y": "possible noise removed",
      },
      "screenshot": "5.page-click.jpg",
      "selector": "#test",
      "startTimestamp": 11,
      "unhandledExceptions": Array [],
    },
    Object {
      "codeError": Object {
        "column": 5,
        "errorLines": Array [
          "    await playedPage.click('#test');",
          "    const counterEl = await playedPage.$('#counter');",
          "",
          "    expect(counterEl).not.toBe(null);",
          "",
          "    utils.assertNotNullOrUndefined(counterEl);",
          "",
        ],
        "fromRowNumber": 86,
        "row": 89,
        "toRowNumber": 92,
      },
      "fnName": "assertion",
      "index": 6,
      "name": "expect(instanceof(ElementHandle)).not.toBe(null)",
      "startTimestamp": 13,
    },
    Object {
      "codeError": Object {
        "column": 25,
        "errorLines": Array [
          "",
          "    utils.assertNotNullOrUndefined(counterEl);",
          "",
          "    const text = await (await counterEl.getProperty('innerText')).jsonValue();",
          "",
          "    expect(text).toBe('4');",
          "",
        ],
        "fromRowNumber": 90,
        "row": 93,
        "toRowNumber": 96,
      },
      "consoleEntries": Array [],
      "endTimestamp": 15,
      "fnName": "getProperty",
      "index": 7,
      "name": "getProperty",
      "screenshot": "7.elementhandle-getProperty.jpg",
      "startTimestamp": 14,
      "unhandledExceptions": Array [],
    },
    Object {
      "codeError": Object {
        "column": 5,
        "errorLines": Array [
          "",
          "    const text = await (await counterEl.getProperty('innerText')).jsonValue();",
          "",
          "    expect(text).toBe('4');",
          "",
          "    await playedPage.click('#reset');",
          "",
        ],
        "fromRowNumber": 92,
        "row": 95,
        "toRowNumber": 98,
      },
      "fnName": "assertion",
      "index": 8,
      "name": "expect(4).toBe(4)",
      "startTimestamp": 16,
    },
    Object {
      "codeError": Object {
        "column": 5,
        "errorLines": Array [
          "",
          "    expect(text).toBe('4');",
          "",
          "    await playedPage.click('#reset');",
          "",
          "    const text2 = await (await counterEl.getProperty('innerText')).jsonValue();",
          "",
        ],
        "fromRowNumber": 94,
        "row": 97,
        "toRowNumber": 100,
      },
      "consoleEntries": Array [],
      "endTimestamp": 18,
      "fnName": "click",
      "index": 9,
      "name": "click \\"#reset\\"",
      "rect": Object {
        "bottom": "possible noise removed",
        "devicePixelRatio": "possible noise removed",
        "height": "possible noise removed",
        "left": "possible noise removed",
        "right": "possible noise removed",
        "screenHeight": "possible noise removed",
        "screenWidth": "possible noise removed",
        "top": "possible noise removed",
        "width": "possible noise removed",
        "x": "possible noise removed",
        "y": "possible noise removed",
      },
      "screenshot": "9.page-click.jpg",
      "selector": "#reset",
      "startTimestamp": 17,
      "unhandledExceptions": Array [],
    },
    Object {
      "codeError": Object {
        "column": 26,
        "errorLines": Array [
          "",
          "    await playedPage.click('#reset');",
          "",
          "    const text2 = await (await counterEl.getProperty('innerText')).jsonValue();",
          "",
          "    expect(text2).toBe('0');",
          "",
        ],
        "fromRowNumber": 96,
        "row": 99,
        "toRowNumber": 102,
      },
      "consoleEntries": Array [],
      "endTimestamp": 20,
      "fnName": "getProperty",
      "index": 10,
      "name": "getProperty",
      "screenshot": "10.elementhandle-getProperty.jpg",
      "startTimestamp": 19,
      "unhandledExceptions": Array [],
    },
    Object {
      "codeError": Object {
        "column": 5,
        "errorLines": Array [
          "",
          "    const text2 = await (await counterEl.getProperty('innerText')).jsonValue();",
          "",
          "    expect(text2).toBe('0');",
          "",
          "    const allButtons = await playedPage.$$('button');",
          "",
        ],
        "fromRowNumber": 98,
        "row": 101,
        "toRowNumber": 104,
      },
      "fnName": "assertion",
      "index": 11,
      "name": "expect(0).toBe(0)",
      "startTimestamp": 21,
    },
    Object {
      "codeError": Object {
        "column": 5,
        "errorLines": Array [
          "",
          "    const allButtons = await playedPage.$$('button');",
          "",
          "    await allButtons[0].click();",
          "",
          "    const text3 = await (await counterEl.getProperty('innerText')).jsonValue();",
          "",
        ],
        "fromRowNumber": 102,
        "row": 105,
        "toRowNumber": 108,
      },
      "consoleEntries": Array [],
      "endTimestamp": 23,
      "fnName": "click",
      "index": 12,
      "name": "click",
      "screenshot": "12.elementhandle-click.jpg",
      "startTimestamp": 22,
      "unhandledExceptions": Array [],
    },
    Object {
      "codeError": Object {
        "column": 26,
        "errorLines": Array [
          "",
          "    await allButtons[0].click();",
          "",
          "    const text3 = await (await counterEl.getProperty('innerText')).jsonValue();",
          "",
          "    expect(text3).toBe('1');",
          "",
        ],
        "fromRowNumber": 104,
        "row": 107,
        "toRowNumber": 110,
      },
      "consoleEntries": Array [],
      "endTimestamp": 25,
      "fnName": "getProperty",
      "index": 13,
      "name": "getProperty",
      "screenshot": "13.elementhandle-getProperty.jpg",
      "startTimestamp": 24,
      "unhandledExceptions": Array [],
    },
    Object {
      "codeError": Object {
        "column": 5,
        "errorLines": Array [
          "",
          "    const text3 = await (await counterEl.getProperty('innerText')).jsonValue();",
          "",
          "    expect(text3).toBe('1');",
          "",
          "    expect(allButtons).toHaveLength(2);",
          "",
        ],
        "fromRowNumber": 106,
        "row": 109,
        "toRowNumber": 112,
      },
      "fnName": "assertion",
      "index": 14,
      "name": "expect(1).toBe(1)",
      "startTimestamp": 26,
    },
    Object {
      "codeError": Object {
        "column": 5,
        "errorLines": Array [
          "",
          "    expect(text3).toBe('1');",
          "",
          "    expect(allButtons).toHaveLength(2);",
          "",
          "    await endTest({",
          "      success: false,",
        ],
        "fromRowNumber": 108,
        "row": 111,
        "toRowNumber": 114,
      },
      "fnName": "assertion",
      "index": 15,
      "name": "expect(Array(length=2)).toHaveLength(2)",
      "startTimestamp": 27,
    },
    Object {
      "endTimestamp": 29,
      "fnName": "Assertion Error",
      "index": 16,
      "name": "Assertion Error \\"mocked error test failed\\"",
      "rect": Object {
        "error": "possible noise removed",
      },
      "screenshot": null,
      "startTimestamp": 28,
      "stepError": Object {
        "message": "mocked error test failed",
        "name": "",
        "stack": "",
      },
      "text": "mocked error test failed",
    },
  ],
}
`;
