// Jest Snapshot v1, https://goo.gl/fbAQLP

exports[`Sanity integration test playwright Sanity integration test 1 1`] = `
Object {
  "metadata": Object {
    "branchInfo": "noise_removed:branchInfo",
    "endedTimestamp": 27,
    "fileName": "noise_removed/packages/root-cause-core/lib/assortedHooks.ts",
    "hasNetworkLogs": true,
    "systemInfo": Object {
      "automationFramework": "playwright",
      "browser": "chromium",
      "browserPlatform": "noise_removed:browserPlatform",
      "browserVersion": "N/A",
      "modelName": "noise_removed:modelName",
      "modelVersion": "noise_removed:modelVersion",
      "pageViewport": Object {
        "height": 720,
        "width": 1280,
      },
      "userAgent": "noise_removed:userAgent",
    },
    "testEndStatus": Object {
      "error": Object {
        "message": "mocked error test failed",
        "name": "",
        "stack": "",
      },
      "success": false,
    },
    "testFullName": "Sanity integration test playwright Sanity integration test 1",
    "testName": "Sanity integration test 1",
    "timestamp": 2,
  },
  "steps": Array [
    Object {
      "codeError": Object {
        "column": 5,
        "errorLines": Array [
          "      mockedDateConstructor",
          "    );",
          "",
          "    await playedPage.goto('http://jsbin.testim.io/ner/1');",
          "    await playedPage.click('#test');",
          "    // to await - might be flaky",
          "    page.evaluate(() => {",
        ],
        "fromRowNumber": 72,
        "row": 75,
        "toRowNumber": 78,
      },
      "consoleEntries": Array [],
      "endTimestamp": 4,
      "fnName": "goto",
      "index": 1,
      "name": "goto \\"http://jsbin.testim.io/ner/1\\"",
      "screenshot": "1.page-goto.jpg",
      "startTimestamp": 3,
      "text": "http://jsbin.testim.io/ner/1",
      "unhandledExceptions": Array [],
    },
    Object {
      "codeError": Object {
        "column": 5,
        "errorLines": Array [
          "    );",
          "",
          "    await playedPage.goto('http://jsbin.testim.io/ner/1');",
          "    await playedPage.click('#test');",
          "    // to await - might be flaky",
          "    page.evaluate(() => {",
          "      setTimeout(() => {",
        ],
        "fromRowNumber": 73,
        "row": 76,
        "toRowNumber": 79,
      },
      "consoleEntries": Array [],
      "endTimestamp": 6,
      "fnName": "click",
      "index": 2,
      "name": "click \\"#test\\"",
      "rect": Object {
        "bottom": "possible noise removed",
        "devicePixelRatio": "possible noise removed",
        "height": "possible noise removed",
        "left": "possible noise removed",
        "right": "possible noise removed",
        "screenHeight": "possible noise removed",
        "screenWidth": "possible noise removed",
        "top": "possible noise removed",
        "width": "possible noise removed",
        "x": "possible noise removed",
        "y": "possible noise removed",
      },
      "screenshot": "2.page-click.jpg",
      "selector": "#test",
      "startTimestamp": 5,
      "unhandledExceptions": Array [],
    },
    Object {
      "codeError": Object {
        "column": 5,
        "errorLines": Array [
          "        throw new Error('injected error');",
          "      }, 0);",
          "    });",
          "    await playedPage.click('#test');",
          "    await playedPage.click('#test');",
          "    // to await - might be flaky",
          "    page.evaluate(() => {",
        ],
        "fromRowNumber": 80,
        "row": 83,
        "toRowNumber": 86,
      },
      "consoleEntries": Array [],
      "endTimestamp": 9,
      "fnName": "click",
      "index": 3,
      "name": "click \\"#test\\"",
      "rect": Object {
        "bottom": "possible noise removed",
        "devicePixelRatio": "possible noise removed",
        "height": "possible noise removed",
        "left": "possible noise removed",
        "right": "possible noise removed",
        "screenHeight": "possible noise removed",
        "screenWidth": "possible noise removed",
        "top": "possible noise removed",
        "width": "possible noise removed",
        "x": "possible noise removed",
        "y": "possible noise removed",
      },
      "screenshot": "3.page-click.jpg",
      "selector": "#test",
      "startTimestamp": 7,
      "unhandledExceptions": Array [
        Object {
          "message": "injected error",
          "stack": "Error: injected error
    at eval (__playwright_evaluation_script__43:3:23)",
          "timestamp": 8,
        },
      ],
    },
    Object {
      "codeError": Object {
        "column": 5,
        "errorLines": Array [
          "      }, 0);",
          "    });",
          "    await playedPage.click('#test');",
          "    await playedPage.click('#test');",
          "    // to await - might be flaky",
          "    page.evaluate(() => {",
          "      setTimeout(() => {",
        ],
        "fromRowNumber": 81,
        "row": 84,
        "toRowNumber": 87,
      },
      "consoleEntries": Array [],
      "endTimestamp": 11,
      "fnName": "click",
      "index": 4,
      "name": "click \\"#test\\"",
      "rect": Object {
        "bottom": "possible noise removed",
        "devicePixelRatio": "possible noise removed",
        "height": "possible noise removed",
        "left": "possible noise removed",
        "right": "possible noise removed",
        "screenHeight": "possible noise removed",
        "screenWidth": "possible noise removed",
        "top": "possible noise removed",
        "width": "possible noise removed",
        "x": "possible noise removed",
        "y": "possible noise removed",
      },
      "screenshot": "4.page-click.jpg",
      "selector": "#test",
      "startTimestamp": 10,
      "unhandledExceptions": Array [],
    },
    Object {
      "codeError": Object {
        "column": 5,
        "errorLines": Array [
          "        console.warn('injected console');",
          "      }, 0);",
          "    });",
          "    await playedPage.click('#test');",
          "    const counterEl = await playedPage.$('#counter');",
          "",
          "    assert.notEqual(counterEl, null);",
        ],
        "fromRowNumber": 89,
        "row": 92,
        "toRowNumber": 95,
      },
      "consoleEntries": Array [
        Object {
          "args": Array [
            "\\"injected console\\"",
          ],
          "column": 24,
          "level": "warning",
          "line": 3,
          "text": "injected console",
          "timestamp": 13,
          "url": "__playwright_evaluation_script__113",
        },
      ],
      "endTimestamp": 14,
      "fnName": "click",
      "index": 5,
      "name": "click \\"#test\\"",
      "rect": Object {
        "bottom": "possible noise removed",
        "devicePixelRatio": "possible noise removed",
        "height": "possible noise removed",
        "left": "possible noise removed",
        "right": "possible noise removed",
        "screenHeight": "possible noise removed",
        "screenWidth": "possible noise removed",
        "top": "possible noise removed",
        "width": "possible noise removed",
        "x": "possible noise removed",
        "y": "possible noise removed",
      },
      "screenshot": "5.page-click.jpg",
      "selector": "#test",
      "startTimestamp": 12,
      "unhandledExceptions": Array [],
    },
    Object {
      "codeError": Object {
        "column": 25,
        "errorLines": Array [
          "    assert.notEqual(counterEl, null);",
          "    assertNotNullOrUndefined(counterEl);",
          "",
          "    const text = await (await counterEl.getProperty('innerText')).jsonValue();",
          "",
          "    assert.equal(text, '4');",
          "",
        ],
        "fromRowNumber": 95,
        "row": 98,
        "toRowNumber": 101,
      },
      "consoleEntries": Array [],
      "endTimestamp": 16,
      "fnName": "getProperty",
      "index": 6,
      "name": "getProperty",
      "screenshot": "6.elementhandle-getProperty.jpg",
      "startTimestamp": 15,
      "unhandledExceptions": Array [],
    },
    Object {
      "codeError": Object {
        "column": 5,
        "errorLines": Array [
          "",
          "    assert.equal(text, '4');",
          "",
          "    await playedPage.click('#reset');",
          "",
          "    const text2 = await (await counterEl.getProperty('innerText')).jsonValue();",
          "",
        ],
        "fromRowNumber": 99,
        "row": 102,
        "toRowNumber": 105,
      },
      "consoleEntries": Array [],
      "endTimestamp": 18,
      "fnName": "click",
      "index": 7,
      "name": "click \\"#reset\\"",
      "rect": Object {
        "bottom": "possible noise removed",
        "devicePixelRatio": "possible noise removed",
        "height": "possible noise removed",
        "left": "possible noise removed",
        "right": "possible noise removed",
        "screenHeight": "possible noise removed",
        "screenWidth": "possible noise removed",
        "top": "possible noise removed",
        "width": "possible noise removed",
        "x": "possible noise removed",
        "y": "possible noise removed",
      },
      "screenshot": "7.page-click.jpg",
      "selector": "#reset",
      "startTimestamp": 17,
      "unhandledExceptions": Array [],
    },
    Object {
      "codeError": Object {
        "column": 26,
        "errorLines": Array [
          "",
          "    await playedPage.click('#reset');",
          "",
          "    const text2 = await (await counterEl.getProperty('innerText')).jsonValue();",
          "",
          "    assert.equal(text2, '0');",
          "",
        ],
        "fromRowNumber": 101,
        "row": 104,
        "toRowNumber": 107,
      },
      "consoleEntries": Array [],
      "endTimestamp": 20,
      "fnName": "getProperty",
      "index": 8,
      "name": "getProperty",
      "screenshot": "8.elementhandle-getProperty.jpg",
      "startTimestamp": 19,
      "unhandledExceptions": Array [],
    },
    Object {
      "codeError": Object {
        "column": 5,
        "errorLines": Array [
          "",
          "    const allButtons = await playedPage.$$('button');",
          "",
          "    await allButtons[0].click();",
          "",
          "    const text3 = await (await counterEl.getProperty('innerText')).jsonValue();",
          "",
        ],
        "fromRowNumber": 107,
        "row": 110,
        "toRowNumber": 113,
      },
      "consoleEntries": Array [],
      "endTimestamp": 22,
      "fnName": "click",
      "index": 9,
      "name": "click",
      "screenshot": "9.elementhandle-click.jpg",
      "startTimestamp": 21,
      "unhandledExceptions": Array [],
    },
    Object {
      "codeError": Object {
        "column": 26,
        "errorLines": Array [
          "",
          "    await allButtons[0].click();",
          "",
          "    const text3 = await (await counterEl.getProperty('innerText')).jsonValue();",
          "",
          "    assert.equal(text3, '1');",
          "",
        ],
        "fromRowNumber": 109,
        "row": 112,
        "toRowNumber": 115,
      },
      "consoleEntries": Array [],
      "endTimestamp": 24,
      "fnName": "getProperty",
      "index": 10,
      "name": "getProperty",
      "screenshot": "10.elementhandle-getProperty.jpg",
      "startTimestamp": 23,
      "unhandledExceptions": Array [],
    },
    Object {
      "endTimestamp": 26,
      "fnName": "Assertion Error",
      "index": 11,
      "name": "Assertion Error \\"mocked error test failed\\"",
      "rect": Object {
        "error": "possible noise removed",
      },
      "screenshot": null,
      "startTimestamp": 25,
      "stepError": Object {
        "message": "mocked error test failed",
        "name": "",
        "stack": "",
      },
      "text": "mocked error test failed",
    },
  ],
}
`;
